---
source: crates/diffo-app/src/explorer/view.rs
expression: terminal.backend().buffer()
---
Buffer {
    area: Rect { x: 0, y: 0, width: 30, height: 4 },
    content: [
        "┌deleted.rs─────────────────┐",
        "│                            │",
        "│                            │",
        "└────────────────────────────┘",
    ],
    styles: [
        x: 0, y: 0, fg: Reset, bg: Reset, underline: Reset, modifier: NONE,
        x: 1, y: 0, fg: White, bg: Reset, underline: Reset, modifier: NONE,
        x: 12, y: 0, fg: Reset, bg: Reset, underline: Reset, modifier: NONE,
    ]
}
