---
source: crates/diffo-git/src/git_tests.rs
expression: "(&parsed.head, &parsed.upstream, files)"
---
(
    Named {
        name: "feature",
        commit: "abcdef0123456789",
    },
    Some(
        UpstreamState {
            name: "origin/feature",
            ahead: 2,
            behind: 1,
        },
    ),
    [
        (
            FileState {
                path: "file.txt",
                old_path: None,
                kind: Modified,
                staged: None,
                unstaged: None,
            },
            'M',
            '.',
        ),
        (
            FileState {
                path: "notes.txt",
                old_path: None,
                kind: Untracked,
                staged: None,
                unstaged: None,
            },
            '.',
            '.',
        ),
    ],
)
