---
source: crates/diffo-git/src/askpass.rs
expression: parsed
---
[
    (
        "HTTPS username",
        Some(
            Username {
                host: "example.com",
            },
        ),
    ),
    (
        "HTTPS secret",
        Some(
            Secret {
                kind: HttpsSecret,
                context: "example.com",
            },
        ),
    ),
    (
        "SSH key passphrase",
        Some(
            Secret {
                kind: SshKeyPassphrase,
                context: "/keys/id_ed25519",
            },
        ),
    ),
    (
        "SSH host confirmation",
        Some(
            ConfirmSshHost {
                host: "git.example.com",
                fingerprint: "SHA256:Abcdefghijklmnopqrstuvwxyz0123456789+/=",
            },
        ),
    ),
    (
        "loopback host confirmation",
        Some(
            ConfirmSshHost {
                host: "diffo-e2e",
                fingerprint: "SHA256:y4V5owxERf/fLbZfbkglknok7xY1IkZvRs+x9hOGGzE",
            },
        ),
    ),
    (
        "loopback host confirmation without hint",
        Some(
            ConfirmSshHost {
                host: "diffo-e2e",
                fingerprint: "SHA256:y4V5owxERf/fLbZfbkglknok7xY1IkZvRs+x9hOGGzE",
            },
        ),
    ),
]
