---
source: crates/diffo-git/src/git_tests.rs
expression: "(&file.state, file.index_status, file.worktree_status)"
---
(
    FileState {
        path: "new.txt",
        old_path: Some(
            "old.txt",
        ),
        kind: Renamed,
        staged: None,
        unstaged: None,
    },
    'R',
    '.',
)
