---
source: crates/diffo-app/src/workbench/tests/sync.rs
expression: rendered
---
[
    (
        Diff,
        Buffer {
            area: Rect { x: 0, y: 0, width: 44, height: 3 },
            content: [
                "┌─────────────────────────────────────────┐",
                "│Fast-forwarded main by 1 commit.          │",
                "└──────────────────────────────────────────┘",
            ],
            styles: [
                x: 0, y: 0, fg: Reset, bg: Reset, underline: Reset, modifier: DIM,
                x: 42, y: 0, fg: Reset, bg: Reset, underline: Reset, modifier: BOLD,
                x: 43, y: 0, fg: Reset, bg: Reset, underline: Reset, modifier: DIM,
                x: 1, y: 1, fg: Green, bg: Reset, underline: Reset, modifier: NONE,
                x: 43, y: 1, fg: Reset, bg: Reset, underline: Reset, modifier: DIM,
            ]
        },
    ),
    (
        Explorer,
        Buffer {
            area: Rect { x: 0, y: 0, width: 44, height: 3 },
            content: [
                "┌─────────────────────────────────────────┐",
                "│Fast-forwarded main by 1 commit.          │",
                "└──────────────────────────────────────────┘",
            ],
            styles: [
                x: 0, y: 0, fg: Reset, bg: Reset, underline: Reset, modifier: DIM,
                x: 42, y: 0, fg: Reset, bg: Reset, underline: Reset, modifier: BOLD,
                x: 43, y: 0, fg: Reset, bg: Reset, underline: Reset, modifier: DIM,
                x: 1, y: 1, fg: Green, bg: Reset, underline: Reset, modifier: NONE,
                x: 43, y: 1, fg: Reset, bg: Reset, underline: Reset, modifier: DIM,
            ]
        },
    ),
    (
        History,
        Buffer {
            area: Rect { x: 0, y: 0, width: 44, height: 3 },
            content: [
                "┌─────────────────────────────────────────┐",
                "│Fast-forwarded main by 1 commit.          │",
                "└──────────────────────────────────────────┘",
            ],
            styles: [
                x: 0, y: 0, fg: Reset, bg: Reset, underline: Reset, modifier: DIM,
                x: 42, y: 0, fg: Reset, bg: Reset, underline: Reset, modifier: BOLD,
                x: 43, y: 0, fg: Reset, bg: Reset, underline: Reset, modifier: DIM,
                x: 1, y: 1, fg: Green, bg: Reset, underline: Reset, modifier: NONE,
                x: 43, y: 1, fg: Reset, bg: Reset, underline: Reset, modifier: DIM,
            ]
        },
    ),
]
