---
source: crates/diffo-app/src/workbench/tests.rs
expression: rendered
---
[
    (
        Diff,
        Buffer {
            area: Rect { x: 0, y: 0, width: 44, height: 3 },
            content: [
                "┌─────────────────────────────────────────×┐",
                "│Pulled 1 commit                           │",
                "└──────────────────────────────────────────┘",
            ],
            styles: [
                x: 0, y: 0, fg: DarkGray, bg: Reset, underline: Reset, modifier: NONE,
                x: 42, y: 0, fg: White, bg: Reset, underline: Reset, modifier: BOLD,
                x: 43, y: 0, fg: DarkGray, bg: Reset, underline: Reset, modifier: NONE,
                x: 1, y: 1, fg: LightGreen, bg: Reset, underline: Reset, modifier: NONE,
                x: 43, y: 1, fg: DarkGray, bg: Reset, underline: Reset, modifier: NONE,
            ]
        },
    ),
    (
        Explorer,
        Buffer {
            area: Rect { x: 0, y: 0, width: 44, height: 3 },
            content: [
                "┌─────────────────────────────────────────×┐",
                "│Pulled 1 commit                           │",
                "└──────────────────────────────────────────┘",
            ],
            styles: [
                x: 0, y: 0, fg: DarkGray, bg: Reset, underline: Reset, modifier: NONE,
                x: 42, y: 0, fg: White, bg: Reset, underline: Reset, modifier: BOLD,
                x: 43, y: 0, fg: DarkGray, bg: Reset, underline: Reset, modifier: NONE,
                x: 1, y: 1, fg: LightGreen, bg: Reset, underline: Reset, modifier: NONE,
                x: 43, y: 1, fg: DarkGray, bg: Reset, underline: Reset, modifier: NONE,
            ]
        },
    ),
]
