---
source: crates/diffo-app/src/diff/input/input_tests.rs
expression: help
---
[
    "j: Previous file",
    "k / l: Next file",
    "c: Open contextual menu",
    "f: Toggle full-screen buffer",
    "q / Esc / Ctrl+c: Quit",
    "↑: Scroll diff up by four lines",
    "↓: Scroll diff down by four lines",
    "Page Up: Scroll up one page",
    "Page Down: Scroll down one page",
    "←: Scroll diff left by four columns",
    "→: Scroll diff right by four columns",
    "r: Toggle inline / side-by-side / hunk view",
    "m: Edit commit message",
    "i: AI commit staged changes",
    "Enter: Commit staged changes or complete merge",
    "n / p: Next / previous change",
    "Space: Stage / unstage selected file",
    "a: Stage / unstage all files",
]
