---
source: crates/diffo-ui/src/command_palette.rs
expression: "(rendered, selected_style)"
---
(
    [
        "┌ Command Palette ───────────────────────────────────────────────────┐",
        "│ > █                                                                │",
        "│ ────────────────────────────────────────────────────────────────── │",
        "│ \u{f460} Git: Fetch                                                       │",
        "│   Git: Sync                                                        │",
        "│                                                                    │",
        "│                                                                    │",
        "│                                                                    │",
        "│                                                                    │",
        "│                                                                    │",
        "│                                                                    │",
        "│                                                                    │",
        "│                                                                    │",
        "│                                                                    │",
        "│                                                                    │",
        "│                                                                    │",
        "│ ↑/↓ select · Enter run · Esc close                                 │",
        "└────────────────────────────────────────────────────────────────────┘",
    ],
    Style::new().fg(Color::Reset).bg(Color::Reset).underline_color(Color::Reset).bold().reversed(),
)
