---
source: crates/diffo-ui/src/command_palette.rs
expression: "(rendered, selected_style)"
---
(
    [
        "┌ Command Palette ───────────────────────────────────────────────────┐",
        "│ > █                                                                │",
        "│ ────────────────────────────────────────────────────────────────── │",
        "│ › Git: Fetch                                                       │",
        "│   Git: Pull                                                        │",
        "│                                                                    │",
        "│                                                                    │",
        "│                                                                    │",
        "│                                                                    │",
        "│                                                                    │",
        "│                                                                    │",
        "│                                                                    │",
        "│                                                                    │",
        "│                                                                    │",
        "│                                                                    │",
        "│                                                                    │",
        "│ ↑/↓ select · Enter run · Esc close                                 │",
        "└────────────────────────────────────────────────────────────────────┘",
    ],
    Style::new().white().on_dark_gray().underline_color(Color::Reset).bold(),
)
