---
source: crates/diffo-ui/src/lib.rs
expression: styles
---
[
    (
        Added,
        Style::new().light_green(),
    ),
    (
        Modified,
        Style::new().yellow(),
    ),
    (
        Deleted,
        Style::new().light_red().crossed_out(),
    ),
    (
        Renamed,
        Style::new().light_cyan(),
    ),
    (
        Copied,
        Style::new().light_cyan(),
    ),
    (
        Untracked,
        Style::new().light_green(),
    ),
    (
        Conflicted,
        Style::new().light_red(),
    ),
]
