---
source: crates/diffo-ui/src/search_picker.rs
expression: "modal_lines(&wide, wide_area)"
---
[
    "┌ Branches ───────────────────────┐",
    "│ > █                             │",
    "│ ─────────────────────────────── │",
    "│ \u{f460} feature/a-very-long…  12m ago │",
    "│   main                      now │",
    "│   undated                       │",
    "│                                 │",
    "│                                 │",
    "│ ↑/↓ select · Enter choose · Esc │",
    "└─────────────────────────────────┘",
]
