---
source: crates/diffo-app/src/diff/rendering_tests/diff.rs
expression: "buffer_region(terminal.backend().buffer(), previous_area)"
---
Buffer {
    area: Rect { x: 0, y: 0, width: 71, height: 1 },
    content: [
        "                          Previous change (p)                         ",
    ],
    styles: [
        x: 0, y: 0, fg: Rgb(248, 248, 242), bg: Indexed(22), underline: Reset, modifier: BOLD,
    ]
}
