---
source: crates/diffo-app/src/diff/rendering_tests/chrome.rs
expression: terminal.backend().buffer()
---
Buffer {
    area: Rect { x: 0, y: 0, width: 20, height: 5 },
    content: [
        "┌Commit message────┐",
        "│Type a message… (m│",
        "└──────────────────┘",
        " [ Commit (Enter) ] ",
        "                    ",
    ],
    styles: [
        x: 0, y: 0, fg: Reset, bg: Reset, underline: Reset, modifier: DIM,
    ]
}
