---
source: crates/diffo-e2e/tests/real_git_state.rs
expression: collect(root.path())?
---
RepositorySnapshot(
  branch: BranchState(
    name: Some("main"),
  ),
  files: [
    FileState(
      path: "first file.txt",
      old_path: None,
      kind: Untracked,
      staged: None,
      unstaged: None,
    ),
  ],
  recent_commits: [],
  upstream: None,
)
