---
source: crates/diffo-app/src/diff/rendering_tests.rs
expression: "status_line(&model, 0, 80)"
---
Line::from_iter([
    Span::from(" branch main · 1234567").white().bold(),
    Span::from(" "),
    Span::from("[ Commands (1 / F1) ]").white().bold(),
    Span::from(" "),
    Span::from("[ Help (2 / F2) ]").white().bold(),
    Span::from(" "),
    Span::from("[ Sync (9 / F9) ]").white().bold(),
])
