---
source: crates/diffo-app/src/diff/rendering_tests.rs
expression: terminal.backend().buffer()
---
Buffer {
    area: Rect { x: 0, y: 0, width: 40, height: 10 },
    content: [
        "┌ Changes  Stage All ─────────────────┐",
        "│A file-0.rs                         │",
        "│M file-1.rs                         │",
        "│D file-2.rs                         │",
        "│R file-3.rs                         │",
        "│C file-4.rs                         │",
        "│A file-5.rs                         │",
        "│U file-6.rs                         │",
        "│                                      │",
        "└──────────────────────────────────────┘",
    ],
    styles: [
        x: 0, y: 0, fg: Reset, bg: Reset, underline: Reset, modifier: NONE,
        x: 1, y: 0, fg: White, bg: Reset, underline: Reset, modifier: NONE,
        x: 10, y: 0, fg: White, bg: Reset, underline: Reset, modifier: BOLD,
        x: 22, y: 0, fg: Reset, bg: Reset, underline: Reset, modifier: NONE,
        x: 1, y: 1, fg: LightGreen, bg: Reset, underline: Reset, modifier: NONE,
        x: 38, y: 1, fg: White, bg: Reset, underline: Reset, modifier: BOLD,
        x: 39, y: 1, fg: Reset, bg: Reset, underline: Reset, modifier: NONE,
        x: 1, y: 2, fg: Yellow, bg: Reset, underline: Reset, modifier: NONE,
        x: 38, y: 2, fg: White, bg: Reset, underline: Reset, modifier: BOLD,
        x: 39, y: 2, fg: Reset, bg: Reset, underline: Reset, modifier: NONE,
        x: 1, y: 3, fg: LightRed, bg: Reset, underline: Reset, modifier: CROSSED_OUT,
        x: 38, y: 3, fg: White, bg: Reset, underline: Reset, modifier: BOLD | CROSSED_OUT,
        x: 39, y: 3, fg: Reset, bg: Reset, underline: Reset, modifier: NONE,
        x: 1, y: 4, fg: LightCyan, bg: Reset, underline: Reset, modifier: NONE,
        x: 38, y: 4, fg: White, bg: Reset, underline: Reset, modifier: BOLD,
        x: 39, y: 4, fg: Reset, bg: Reset, underline: Reset, modifier: NONE,
        x: 1, y: 5, fg: LightCyan, bg: Reset, underline: Reset, modifier: NONE,
        x: 38, y: 5, fg: White, bg: Reset, underline: Reset, modifier: BOLD,
        x: 39, y: 5, fg: Reset, bg: Reset, underline: Reset, modifier: NONE,
        x: 1, y: 6, fg: LightGreen, bg: Reset, underline: Reset, modifier: NONE,
        x: 38, y: 6, fg: White, bg: Reset, underline: Reset, modifier: BOLD,
        x: 39, y: 6, fg: Reset, bg: Reset, underline: Reset, modifier: NONE,
        x: 1, y: 7, fg: LightRed, bg: Reset, underline: Reset, modifier: NONE,
        x: 38, y: 7, fg: White, bg: Reset, underline: Reset, modifier: BOLD,
        x: 39, y: 7, fg: Reset, bg: Reset, underline: Reset, modifier: NONE,
    ]
}
