---
source: crates/diffo-app/src/diff/rendering_tests.rs
expression: line
---
Line::from_iter([
    Span::from(" main · 1234567").white(),
    Span::from("  "),
    Span::from("Sync failed␊continue?␍␛[2J    ␈").light_red(),
    Span::from("               "),
    Span::from("[ Sync (9 / F9) ]").white().bold(),
])
